Warning[w6]: Type conflict for external/entry "_PrintfTiny", in module ?fprintf against external/entry in module ?xprintftiny; function types have different numbers of parameters
  /* In module ?fprintf: */
  /* Function, args 5, attr 0 */
  int (__cc_version2 _PrintfTiny)(_PrintfPfnType __cc_version2 *,
                                  void *,
                                  char const *,
                                  va_list *,
                                  int);
    typedef void * _PrintfPfnType(void *, char);
    typedef __Va_list va_list;
    typedef struct __Unnamed_387_114 __Va_list;
  /* In module ?xprintftiny: */
  /* Function, args 4, attr 0 */
  int (__cc_version2 _PrintfTiny)(_PrintfPfnType __cc_version2 *,
                                  void *,
                                  char const *,
                                  va_list *);
    typedef void * _PrintfPfnType(void *, char);
    typedef __Va_list va_list;
    typedef struct __Unnamed_387_114 __Va_list;
################################################################################
#                                                                              #
#      IAR Universal Linker V4.61T/W32                                         #
#                                                                              #
#           Link time     =  01/Apr/2011  12:38:45                             #
#           Target CPU    =  MSP430                                            #
#           List file     =  "C:\Texas Instruments\EZ430-RF2560 SDK\Beta_1_0\E #
#                            Z430-RF2560_Applications\Source\bluetooth\build\m #
#                            sp430\spp\accl\iar\release\Debug\List\accl.map"   #
#           Output file 1 =  "C:\Texas Instruments\EZ430-RF2560 SDK\Beta_1_0\E #
#                            Z430-RF2560_Applications\Source\bluetooth\build\m #
#                            sp430\spp\accl\iar\release\Debug\Exe\accl.d43"    #
#                            Format: debug                                     #
#                            UBROF version 10.0.3                              #
#                            Using library modules for C-SPY (-rt)             #
#           Command line  =  "C:\Texas Instruments\EZ430-RF2560 SDK\Beta_1_0\E #
#                            Z430-RF2560_Applications\Source\bluetooth\build\m #
#                            sp430\spp\accl\iar\release\Debug\Obj\acceleromete #
#                            r_pl.r43"                                         #
#                            "C:\Texas Instruments\EZ430-RF2560 SDK\Beta_1_0\E #
#                            Z430-RF2560_Applications\Source\bluetooth\build\m #
#                            sp430\spp\accl\iar\release\Debug\Obj\appl_bt_rf.r #
#                            43"                                               #
#                            "C:\Texas Instruments\EZ430-RF2560 SDK\Beta_1_0\E #
#                            Z430-RF2560_Applications\Source\bluetooth\build\m #
#                            sp430\spp\accl\iar\release\Debug\Obj\appl_cb.r43" #
#                            "C:\Texas Instruments\EZ430-RF2560 SDK\Beta_1_0\E #
#                            Z430-RF2560_Applications\Source\bluetooth\build\m #
#                            sp430\spp\accl\iar\release\Debug\Obj\appl_menu_pl #
#                            .r43"                                             #
#                            "C:\Texas Instruments\EZ430-RF2560 SDK\Beta_1_0\E #
#                            Z430-RF2560_Applications\Source\bluetooth\build\m #
#                            sp430\spp\accl\iar\release\Debug\Obj\appl_sdk.r43 #
#                            "                                                 #
#                            "C:\Texas Instruments\EZ430-RF2560 SDK\Beta_1_0\E #
#                            Z430-RF2560_Applications\Source\bluetooth\build\m #
#                            sp430\spp\accl\iar\release\Debug\Obj\appl_spp.r43 #
#                            "                                                 #
#                            "C:\Texas Instruments\EZ430-RF2560 SDK\Beta_1_0\E #
#                            Z430-RF2560_Applications\Source\bluetooth\build\m #
#                            sp430\spp\accl\iar\release\Debug\Obj\croutine.r43 #
#                            "                                                 #
#                            "C:\Texas Instruments\EZ430-RF2560 SDK\Beta_1_0\E #
#                            Z430-RF2560_Applications\Source\bluetooth\build\m #
#                            sp430\spp\accl\iar\release\Debug\Obj\hal_board.r4 #
#                            3"                                                #
#                            "C:\Texas Instruments\EZ430-RF2560 SDK\Beta_1_0\E #
#                            Z430-RF2560_Applications\Source\bluetooth\build\m #
#                            sp430\spp\accl\iar\release\Debug\Obj\hal_i2c.r43" #
#                            "C:\Texas Instruments\EZ430-RF2560 SDK\Beta_1_0\E #
#                            Z430-RF2560_Applications\Source\bluetooth\build\m #
#                            sp430\spp\accl\iar\release\Debug\Obj\hal_tlv.r43" #
#                            "C:\Texas Instruments\EZ430-RF2560 SDK\Beta_1_0\E #
#                            Z430-RF2560_Applications\Source\bluetooth\build\m #
#                            sp430\spp\accl\iar\release\Debug\Obj\hal_usb.r43" #
#                            "C:\Texas Instruments\EZ430-RF2560 SDK\Beta_1_0\E #
#                            Z430-RF2560_Applications\Source\bluetooth\build\m #
#                            sp430\spp\accl\iar\release\Debug\Obj\heap_2.r43"  #
#                            "C:\Texas Instruments\EZ430-RF2560 SDK\Beta_1_0\E #
#                            Z430-RF2560_Applications\Source\bluetooth\build\m #
#                            sp430\spp\accl\iar\release\Debug\Obj\heap_bt.r43" #
#                            "C:\Texas Instruments\EZ430-RF2560 SDK\Beta_1_0\E #
#                            Z430-RF2560_Applications\Source\bluetooth\build\m #
#                            sp430\spp\accl\iar\release\Debug\Obj\list.r43"    #
#                            "C:\Texas Instruments\EZ430-RF2560 SDK\Beta_1_0\E #
#                            Z430-RF2560_Applications\Source\bluetooth\build\m #
#                            sp430\spp\accl\iar\release\Debug\Obj\main.r43"    #
#                            "C:\Texas Instruments\EZ430-RF2560 SDK\Beta_1_0\E #
#                            Z430-RF2560_Applications\Source\bluetooth\build\m #
#                            sp430\spp\accl\iar\release\Debug\Obj\msp430_uart. #
#                            r43"                                              #
#                            "C:\Texas Instruments\EZ430-RF2560 SDK\Beta_1_0\E #
#                            Z430-RF2560_Applications\Source\bluetooth\build\m #
#                            sp430\spp\accl\iar\release\Debug\Obj\port.r43"    #
#                            "C:\Texas Instruments\EZ430-RF2560 SDK\Beta_1_0\E #
#                            Z430-RF2560_Applications\Source\bluetooth\build\m #
#                            sp430\spp\accl\iar\release\Debug\Obj\portext.r43" #
#                            "C:\Texas Instruments\EZ430-RF2560 SDK\Beta_1_0\E #
#                            Z430-RF2560_Applications\Source\bluetooth\build\m #
#                            sp430\spp\accl\iar\release\Debug\Obj\queue.r43"   #
#                            "C:\Texas Instruments\EZ430-RF2560 SDK\Beta_1_0\E #
#                            Z430-RF2560_Applications\Source\bluetooth\build\m #
#                            sp430\spp\accl\iar\release\Debug\Obj\sdk_pl.r43"  #
#                            "C:\Texas Instruments\EZ430-RF2560 SDK\Beta_1_0\E #
#                            Z430-RF2560_Applications\Source\bluetooth\build\m #
#                            sp430\spp\accl\iar\release\Debug\Obj\tasks.r43"   #
#                            "C:\Texas Instruments\EZ430-RF2560 SDK\Beta_1_0\E #
#                            Z430-RF2560_Applications\Source\bluetooth\build\m #
#                            sp430\spp\accl\iar\release\Debug\Obj\user_task.r4 #
#                            3"                                                #
#                            "C:\Texas Instruments\EZ430-RF2560 SDK\Beta_1_0\E #
#                            Z430-RF2560_Applications\Source\bluetooth\build\m #
#                            sp430\spp\lib\iar\libTI_init_script.r43"          #
#                            "C:\Texas Instruments\EZ430-RF2560 SDK\Beta_1_0\E #
#                            Z430-RF2560_Applications\Source\bluetooth\build\m #
#                            sp430\spp\lib\iar\libspp_core.r43"                #
#                            "C:\Texas Instruments\EZ430-RF2560 SDK\Beta_1_0\E #
#                            Z430-RF2560_Applications\Source\bluetooth\build\m #
#                            sp430\spp\lib\iar\libspp_pl.r43"                  #
#                            -o                                                #
#                            "C:\Texas Instruments\EZ430-RF2560 SDK\Beta_1_0\E #
#                            Z430-RF2560_Applications\Source\bluetooth\build\m #
#                            sp430\spp\accl\iar\release\Debug\Exe\accl.d43"    #
#                            -l                                                #
#                            "C:\Texas Instruments\EZ430-RF2560 SDK\Beta_1_0\E #
#                            Z430-RF2560_Applications\Source\bluetooth\build\m #
#                            sp430\spp\accl\iar\release\Debug\List\accl.map"   #
#                            -xmsn                                             #
#                            "-IC:\Program Files\IAR Systems\Embedded Workbenc #
#                            h 6.0\430\LIB\"                                   #
#                            -f                                                #
#                            "C:\Program Files\IAR Systems\Embedded Workbench  #
#                            6.0\430\CONFIG\lnk430F5438A.xcl"                  #
#                            (-cmsp430 -QCODE_I=CODE_ID                        #
#                            -Z(DATA)DATA16_I,DATA16_Z,DATA16_N,DATA16_HEAP+_D #
#                            ATA16_HEAP_SIZE=1C00-5BFF                         #
#                            -Z(DATA)CODE_I                                    #
#                            -Z(DATA)DATA20_I,DATA20_Z,DATA20_N,DATA20_HEAP+_D #
#                            ATA20_HEAP_SIZE                                   #
#                            -Z(DATA)CSTACK+_STACK_SIZE#                       #
#                            -Z(CONST)INFO=1800-19FF                           #
#                            -Z(CONST)INFOA=1980-19FF                          #
#                            -Z(CONST)INFOB=1900-197F                          #
#                            -Z(CONST)INFOC=1880-18FF                          #
#                            -Z(CONST)INFOD=1800-187F                          #
#                            -Z(CODE)CSTART,ISR_CODE=5C00-FF7F                 #
#                            -Z(CONST)DATA16_C,DATA16_ID,DIFUNCT,CHECKSUM=5C00 #
#                            -FF7F                                             #
#                            -P(CODE)CODE=5C00-FF7F,10000-45BFF                #
#                            -Z(CODE)CODE_ID                                   #
#                            -Z(CONST)DATA20_C,DATA20_ID=5C00-FF7F,10000-45BFF #
#                            -Z(CODE)INTVEC=FF80-FFFF                          #
#                            -Z(CODE)RESET=FFFE-FFFF) -f                       #
#                            "C:\Program Files\IAR Systems\Embedded Workbench  #
#                            6.0\430\config\multiplier32_loc2.xcl"             #
#                            (-e?Mul8HwLoc2=?Mul8 -e?Mul16HwLoc2=?Mul16        #
#                            -e?Mul16to32uHwLoc2=?Mul16to32u                   #
#                            -e?Mul16to32sHwLoc2=?Mul16to32s                   #
#                            -e?Mul32Hw32Loc2=?Mul32                           #
#                            -e?Mul64Hw32Loc2=_Mul64i                          #
#                            -e?Mul32u32uto64iHw32Loc2=_Mul32u32uto64i         #
#                            -e?Mul32fHwLoc2=_Mul32f                           #
#                            -e_Mul64fHwPtrLoc2=_Mul64fPtr)                    #
#                            -D_STACK_SIZE=12C -rt                             #
#                            "C:\Program Files\IAR Systems\Embedded Workbench  #
#                            6.0\430\LIB\DLIB\dl430xlff.r43"                   #
#                            -e_PrintfTiny=_Printf -e_ScanfSmall=_Scanf        #
#                            -D_DATA16_HEAP_SIZE=32 -s __program_start         #
#                            -D_DATA20_HEAP_SIZE=32                            #
#                                                                              #
#                           Copyright (C) 1987-2010 IAR Systems AB.            #
################################################################################





                ****************************************
                *                                      *
                *           CROSS REFERENCE            *
                *                                      *
                ****************************************

       Program entry at :           5C00  Relocatable, from module : ?cstart




                ****************************************
                *                                      *
                *            RUNTIME MODEL             *
                *                                      *
                ****************************************

  __SystemLibrary            = DLib
  __core                     = 430X
  __data_model               = large
  __dlib_file_descriptor     = 1
  __dlib_full_locale_support = 1
  __double_size              = 32
  __pic                      = no
  __reg_r4                   = free
  __reg_r5                   = free
  __rt_version               = 3



                ****************************************
                *                                      *
                *              MODULE MAP              *
                *                                      *
                ****************************************


  DEFINED ABSOLUTE ENTRIES
    *************************************************************************

  DEFINED ABSOLUTE ENTRIES
  PROGRAM MODULE, NAME : ?ABS_ENTRY_MOD

Absolute parts
           ENTRY                   ADDRESS         REF BY
           =====                   =======         ======
           _DATA20_HEAP_SIZE       0032 
           _DATA16_HEAP_SIZE       0032 
           _STACK_SIZE             012C 
    *************************************************************************

  FILE NAME : C:\Texas Instruments\EZ430-RF2560 SDK\Beta_1_0\EZ430-RF2560_Applications\Source\bluetooth\build\msp430\spp\accl\iar\release\Debug\Obj\accelerometer_pl.r43
  PROGRAM MODULE, NAME : accelerometer_pl

  SEGMENTS IN THE MODULE
  ======================
DATA20_Z
  Relative segment, address: 37E4 - 37E6 (0x3 bytes), align: 0
  Segment part 2.             Intra module refs:   accelerometer_read_cord
           ENTRY                   ADDRESS         REF BY
           =====                   =======         ======
           accl_coord              37E4 
    -------------------------------------------------------------------------
DATA20_Z
  Relative segment, address: 37E7 - 37E7 (0x1 bytes), align: 0
  Segment part 3.             Intra module refs:   accelerometer_read_cord
           ENTRY                   ADDRESS         REF BY
           =====                   =======         ======
           accl_x                  37E7            sdk_accelerometer_read_int_xyz (sdk_pl)
    -------------------------------------------------------------------------
DATA20_Z
  Relative segment, address: 37E8 - 37E8 (0x1 bytes), align: 0
  Segment part 4.             Intra module refs:   accelerometer_read_cord
           ENTRY                   ADDRESS         REF BY
           =====                   =======         ======
           accl_y                  37E8            sdk_accelerometer_read_int_xyz (sdk_pl)
    -------------------------------------------------------------------------
DATA20_Z
  Relative segment, address: 37E9 - 37E9 (0x1 bytes), align: 0
  Segment part 5.             Intra module refs:   accelerometer_read_cord
           ENTRY                   ADDRESS         REF BY
           =====                   =======         ======
           accl_z                  37E9            sdk_accelerometer_read_int_xyz (sdk_pl)
    -------------------------------------------------------------------------
<CODE> 3 (was CODE)
  Relative segment, address: 00016BDC - 00016BDF (0x4 bytes), align: 1
  Segment part 7.
           ENTRY                   ADDRESS         REF BY
           =====                   =======         ======
           accelerometer_init      00016BDC        sdk_sensor_init (sdk_pl)
               calls direct
               CSTACK = 00000000 ( 00000004 )
    -------------------------------------------------------------------------
<CODE> 3 (was CODE)
  Relative segment, address: 000159B4 - 000159D9 (0x26 bytes), align: 1
  Segment part 6.
           ENTRY                   ADDRESS         REF BY
           =====                   =======         ======
           accelerometer_read_cord
                                   000159B4        sdk_accelerometer_read_int_xyz (sdk_pl)
               calls direct
               CSTACK = 00000000 ( 00000008 )

    *************************************************************************

  FILE NAME : C:\Texas Instruments\EZ430-RF2560 SDK\Beta_1_0\EZ430-RF2560_Applications\Source\bluetooth\build\msp430\spp\accl\iar\release\Debug\Obj\appl_bt_rf.r43
  PROGRAM MODULE, NAME : appl_bt_rf

  SEGMENTS IN THE MODULE
  ======================
DATA16_AN
  Relative segment, address: 070A - 070B (0x2 bytes), align: 0
  Segment part 1. ROOT.       Intra module refs:   PORT1_VECTOR_ISR
                                                   ehcill_send_wakeup_ind
                                                   ehcill_uart_handler
                                                   vApplicationIdleHook (appl_spp)
           ENTRY                   ADDRESS         REF BY
           =====                   =======         ======
           _A_ADC12IFG_L           070A 
           LOCAL                   ADDRESS         
           =====                   =======         
           ADC12IFG                070A 
           ADC12IFG_H              070B 
           ADC12IFG_L              070A 
    -------------------------------------------------------------------------
DATA20_Z
  Relative segment, address: 37EA - 37EA (0x1 bytes), align: 0
  Segment part 4.             Intra module refs:   ehcill_handle_sleep_ind
                                                   ehcill_handle_wake_up_ack
                                                   ehcill_handle_wake_up_ind
                                                   ehcill_send_deep_sleep_ack
                                                   ehcill_send_wakeup_ack
                                                   ehcill_send_wakeup_ind
                                                   ehcill_wake_up_from_host
           ENTRY                   ADDRESS         REF BY
           =====                   =======         ======
           deep_sleep_state        37EA            vApplicationIdleHook (appl_spp)
    -------------------------------------------------------------------------
DATA20_I
  Relative segment, address: 1C22 - 1C2E (0xd bytes), align: 0
  Segment part 5.             Intra module refs:   sdk_enable_lps_mode
           LOCAL                   ADDRESS         
           =====                   =======         
           sdk_lps_param           1C22 
    -------------------------------------------------------------------------
DATA20_I
  Relative segment, address: 1C2F - 1C37 (0x9 bytes), align: 0
  Segment part 7.             Intra module refs:   sdk_deep_sleep_enable
           LOCAL                   ADDRESS         
           =====                   =======         
           sleep_enable_param      1C2F 
    -------------------------------------------------------------------------
DATA20_I
  Relative segment, address: 1C38 - 1C3D (0x6 bytes), align: 0
  Segment part 11.            Intra module refs:   sdk_deep_sleep_config
           LOCAL                   ADDRESS         
           =====                   =======         
           sleep_config_param      1C38 
    -------------------------------------------------------------------------
<CODE> 3 (was CODE)
  Relative segment, address: 00015EBA - 00015ED3 (0x1a bytes), align: 1
  Segment part 26.            Intra module refs:   ehcill_uart_handler
           ENTRY                   ADDRESS         REF BY
           =====                   =======         ======
           uart_enable_cts_interrupt
                                   00015EBA 
               CSTACK = 00000000 ( 00000004 )
    -------------------------------------------------------------------------
<CODE> 3 (was CODE)
  Relative segment, address: 000160A4 - 000160B9 (0x16 bytes), align: 1
  Segment part 27.            Intra module refs:   uart_disable_cts_interrupt
                                                   uart_enable_cts_interrupt
           LOCAL                   ADDRESS         
           =====                   =======         
           ?Subroutine2            000160A4 
    -------------------------------------------------------------------------
<CODE> 3 (was CODE)
  Relative segment, address: 00015D3A - 00015D57 (0x1e bytes), align: 1
  Segment part 28.            Intra module refs:   uart_disable_cts_interrupt
                                                   uart_enable_cts_interrupt
           LOCAL                   ADDRESS         
           =====                   =======         
           ?Subroutine1            00015D3A 
    -------------------------------------------------------------------------
<CODE> 3 (was CODE)
  Relative segment, address: 000164DE - 000164ED (0x10 bytes), align: 1
  Segment part 18.            Intra module refs:   PORT1_VECTOR_ISR
                                                   ehcill_send_wakeup_ind
           ENTRY                   ADDRESS         REF BY
           =====                   =======         ======
           uart_disable_cts_interrupt
                                   000164DE 
               CSTACK = 00000000 ( 00000004 )
    -------------------------------------------------------------------------
ISR_CODE
  Relative segment, address: 5C38 - 5C63 (0x2c bytes), align: 1
  Segment part 30.            Intra module refs:   PORT1_VECTOR_ISR::??INTVEC 94
           ENTRY                   ADDRESS         REF BY
           =====                   =======         ======
           PORT1_VECTOR_ISR        5C38 
               interrupt function
               calls direct
               CSTACK = 00000000 ( 00000014 )
    -------------------------------------------------------------------------
<CODE> 3 (was CODE)
  Relative segment, address: 00014B04 - 00014B47 (0x44 bytes), align: 1
  Segment part 19.            Intra module refs:   ehcill_wake_up_from_host
           ENTRY                   ADDRESS         REF BY
           =====                   =======         ======
           ehcill_send_wakeup_ind
                                   00014B04 
               calls direct
               CSTACK = 00000000 ( 00000006 )
    -------------------------------------------------------------------------
<CODE> 3 (was CODE)
  Relative segment, address: 0001635A - 0001636B (0x12 bytes), align: 1
  Segment part 22.            Intra module refs:   ehcill_handle_wake_up_ind
           ENTRY                   ADDRESS         REF BY
           =====                   =======         ======
           ehcill_send_wakeup_ack
                                   0001635A 
               CSTACK = 00000000 ( 00000004 )
    -------------------------------------------------------------------------
<CODE> 3 (was CODE)
  Relative segment, address: 0001659E - 000165AD (0x10 bytes), align: 1
  Segment part 24.            Intra module refs:   ehcill_handle_sleep_ind
           ENTRY                   ADDRESS         REF BY
           =====                   =======         ======
           ehcill_send_deep_sleep_ack
                                   0001659E 
               CSTACK = 00000000 ( 00000004 )
    -------------------------------------------------------------------------
<CODE> 3 (was CODE)
  Relative segment, address: 00016136 - 00016149 (0x14 bytes), align: 1
  Segment part 25.            Intra module refs:   ehcill_uart_handler
           ENTRY                   ADDRESS         REF BY
           =====                   =======         ======
           ehcill_handle_sleep_ind
                                   00016136 
               calls direct
               CSTACK = 00000000 ( 00000004 )
    -------------------------------------------------------------------------
<CODE> 3 (was CODE)
  Relative segment, address: 0001593E - 00015965 (0x28 bytes), align: 1
  Segment part 23.            Intra module refs:   ehcill_uart_handler
           ENTRY                   ADDRESS         REF BY
           =====                   =======         ======
           ehcill_handle_wake_up_ind
                                   0001593E 
               calls direct
               CSTACK = 00000000 ( 00000004 )
    -------------------------------------------------------------------------
<CODE> 3 (was CODE)
  Relative segment, address: 00015F1C - 00015F33 (0x18 bytes), align: 1
  Segment part 21.            Intra module refs:   ehcill_uart_handler
           ENTRY                   ADDRESS         REF BY
           =====                   =======         ======
           ehcill_handle_wake_up_ack
                                   00015F1C 
               calls direct
               CSTACK = 00000000 ( 00000004 )
    -------------------------------------------------------------------------
<CODE> 3 (was CODE)
  Relative segment, address: 00012CF2 - 00012D73 (0x82 bytes), align: 1
  Segment part 29.
           ENTRY                   ADDRESS         REF BY
           =====                   =======         ======
           ehcill_uart_handler     00012CF2        ht_read_task_start_routine (read_task)
               calls direct
               CSTACK = 00000000 ( 00000004 )
    -------------------------------------------------------------------------
<CODE> 3 (was CODE)
  Relative segment, address: 00016186 - 00016199 (0x14 bytes), align: 1
  Segment part 20.
           ENTRY                   ADDRESS         REF BY
           =====                   =======         ======
           ehcill_wake_up_from_host
                                   00016186        hci_trigger_command_tx (hci_command_queue)
                                                   l2cap_schedule_data_tx (l2cap_lmp)
               calls direct
               CSTACK = 00000000 ( 00000004 )
    -------------------------------------------------------------------------
<CODE> 3 (was CODE)
  Relative segment, address: 0001647E - 0001648D (0x10 bytes), align: 1
  Segment part 17.
           ENTRY                   ADDRESS         REF BY
           =====                   =======         ======
           sdk_deep_sleep_config   0001647E        hci_command_complete_event (hci_events)
               calls direct
               CSTACK = 00000000 ( 00000004 )
    -------------------------------------------------------------------------
<CODE> 3 (was CODE)
  Relative segment, address: 000163B4 - 000163BB (0x8 bytes), align: 1
  Segment part 15.            Intra module refs:   sdk_deep_sleep_enable
           LOCAL                   ADDRESS         
           =====                   =======         
           ?Subroutine0            000163B4 
    -------------------------------------------------------------------------
<CODE> 3 (was CODE)
  Relative segment, address: 000163BC - 000163C5 (0xa bytes), align: 1
  Segment part 16.
           ENTRY                   ADDRESS         REF BY
           =====                   =======         ======
           sdk_deep_sleep_enable   000163BC        hci_command_complete_event (hci_events)
               calls direct
               CSTACK = 00000000 ( 00000004 )
    -------------------------------------------------------------------------
<CODE> 3 (was CODE)
  Relative segment, address: 0001644E - 0001645D (0x10 bytes), align: 1
  Segment part 13.
           ENTRY                   ADDRESS         REF BY
           =====                   =======         ======
           sdk_enable_lps_mode     0001644E        sdk_bluetooth_on_complete (appl_cb)
               calls direct
               CSTACK = 00000000 ( 00000004 )
    -------------------------------------------------------------------------
INTVEC
  Common segment, address: FF80 - FFDF (0x60 bytes), align: 1
  Segment part 2. ROOT.
           ENTRY                   ADDRESS         REF BY
           =====                   =======         ======
           PORT1_VECTOR_ISR::??INTVEC 94
                                   FFDE 
    -------------------------------------------------------------------------
DATA20_ID
  Relative segment, address: 00020554 - 00020560 (0xd bytes), align: 0
  Segment part 6.             Intra module refs:   sdk_lps_param
    -------------------------------------------------------------------------
DATA20_ID
  Relative segment, address: 00020561 - 00020569 (0x9 bytes), align: 0
  Segment part 8.             Intra module refs:   sleep_enable_param
    -------------------------------------------------------------------------
DATA20_ID
  Relative segment, address: 0002056A - 0002056F (0x6 bytes), align: 0
  Segment part 12.            Intra module refs:   sleep_config_param

    *************************************************************************

  FILE NAME : C:\Texas Instruments\EZ430-RF2560 SDK\Beta_1_0\EZ430-RF2560_Applications\Source\bluetooth\build\msp430\spp\accl\iar\release\Debug\Obj\appl_cb.r43
  PROGRAM MODULE, NAME : appl_cb

  SEGMENTS IN THE MODULE
  ======================
DATA16_AN
  Relative segment, address: 0202 - 0203 (0x2 bytes), align: 0
  Segment part 1. ROOT.       Intra module refs:   TIMER1_A0_ISR (user_task)
                                                   appl_bt_on_sdk_indication (sdk_pl)
                                                   appl_spp_notify_cb (appl_spp)
                                                   halBoardInit (hal_board)
                                                   init_buttons (appl_menu_pl)
                                                   restore_peripheral_status (sdk_pl)
                                                   sdk_bluetooth_on_complete
                                                   sdk_configure_bt_uart (sdk_pl)
                                                   sdk_error_handler (sdk_pl)
                                                   uart_error_handler (sdk_pl)
                                                   user_task_routine (user_task)
                                                   validate_eval_package (bt_id_check)
           ENTRY                   ADDRESS         REF BY
           =====                   =======         ======
           _A_PAOUT_L              0202 
           LOCAL                   ADDRESS         
           =====                   =======         
           PAOUT                   0202 
           PAOUT_H                 0203 
           PAOUT_L                 0202 
    -------------------------------------------------------------------------
DATA20_Z
  Relative segment, address: 1C5A - 1CBD (0x64 bytes), align: 1
  Segment part 18.            Intra module refs:   ?Subroutine5
                                                   sdk_hci_event_indication_callback
           ENTRY                   ADDRESS         REF BY
           =====                   =======         ======
           rem_bt_dev              1C5A 
    -------------------------------------------------------------------------
DATA20_Z
  Relative segment, address: 37EB - 37EB (0x1 bytes), align: 0
  Segment part 19.            Intra module refs:   sdk_hci_event_indication_callback
           ENTRY                   ADDRESS         REF BY
           =====                   =======         ======
           rem_dev_index           37EB            sdk_bluetooth_menu_handler (appl_sdk)
    -------------------------------------------------------------------------
DATA20_Z
  Relative segment, address: 37EC - 37EC (0x1 bytes), align: 0
  Segment part 20.            Intra module refs:   sdk_hci_event_indication_callback
           ENTRY                   ADDRESS         REF BY
           =====                   =======         ======
           rem_dev_num             37EC            sdk_bluetooth_menu_handler (appl_sdk)
    -------------------------------------------------------------------------
DATA20_Z
  Relative segment, address: 37ED - 37ED (0x1 bytes), align: 0
  Segment part 22.            Intra module refs:   sdk_hci_event_indication_callback
           ENTRY                   ADDRESS         REF BY
           =====                   =======         ======
           sdk_scan_enable         37ED 
    -------------------------------------------------------------------------
<CODE> 3 (was CODE)
  Relative segment, address: 00015772 - 0001579D (0x2c bytes), align: 1
  Segment part 39.
           ENTRY                   ADDRESS         REF BY
           =====                   =======         ======
           sdk_bluetooth_on_complete
                                   00015772        user_task_routine (user_task)
               calls direct
               CSTACK = 00000000 ( 00000004 )
    -------------------------------------------------------------------------
<CODE> 3 (was CODE)
  Relative segment, address: 0001646E - 0001647D (0x10 bytes), align: 1
  Segment part 40.            Intra module refs:   sdk_bluetooth_on_complete
                                                   sdk_hci_event_indication_callback
           LOCAL                   ADDRESS         
           =====                   =======         
           ?Subroutine9            0001646E 
    -------------------------------------------------------------------------
<CODE> 1 (was CODE)
  Relative segment, address: 7EDA - 82FD (0x424 bytes), align: 1
  Segment part 27.
           ENTRY                   ADDRESS         REF BY
           =====                   =======         ======
           sdk_hci_event_indication_callback
                                   7EDA            user_task_routine (user_task)
               calls direct
               CSTACK = 00000000 ( 00000030 )
    -------------------------------------------------------------------------
<CODE> 3 (was CODE)
  Relative segment, address: 000162B8 - 000162BB (0x4 bytes), align: 1
  Segment part 28.            Intra module refs:   sdk_hci_event_indication_callback
           LOCAL                   ADDRESS         
           =====                   =======         
           ?Subroutine8            000162B8 
    -------------------------------------------------------------------------
<CODE> 3 (was CODE)
  Relative segment, address: 000162BC - 000162C9 (0xe bytes), align: 1
  Segment part 29.            Intra module refs:   ?Subroutine8
                                                   sdk_hci_event_indication_callback
    -------------------------------------------------------------------------
<CODE> 3 (was CODE)
  Relative segment, address: 000168EE - 000168F7 (0xa bytes), align: 1
  Segment part 30.            Intra module refs:   sdk_hci_event_indication_callback
           LOCAL                   ADDRESS         
           =====                   =======         
           ?Subroutine7            000168EE 
    -------------------------------------------------------------------------
<CODE> 3 (was CODE)
  Relative segment, address: 0001658E - 00016591 (0x4 bytes), align: 1
  Segment part 31.            Intra module refs:   sdk_hci_event_indication_callback
           LOCAL                   ADDRESS         
           =====                   =======         
           ?Subroutine6            0001658E 
    -------------------------------------------------------------------------
<CODE> 3 (was CODE)
  Relative segment, address: 00016592 - 0001659D (0xc bytes), align: 1
  Segment part 32.            Intra module refs:   ?Subroutine6
                                                   sdk_hci_event_indication_callback
    -------------------------------------------------------------------------
<CODE> 3 (was CODE)
  Relative segment, address: 000163A2 - 000163B3 (0x12 bytes), align: 1
  Segment part 33.            Intra module refs:   sdk_hci_event_indication_callback
           LOCAL                   ADDRESS         
           =====                   =======         
           ?Subroutine5            000163A2 
    -------------------------------------------------------------------------
<CODE> 3 (was CODE)
  Relative segment, address: 00016336 - 00016339 (0x4 bytes), align: 1
  Segment part 34.            Intra module refs:   sdk_hci_event_indication_callback
           LOCAL                   ADDRESS         
           =====                   =======         
           ?Subroutine4            00016336 
    -------------------------------------------------------------------------
<CODE> 3 (was CODE)
  Relative segment, address: 0001633A - 00016347 (0xe bytes), align: 1
  Segment part 35.            Intra module refs:   ?Subroutine4
                                                   sdk_hci_event_indication_callback
    -------------------------------------------------------------------------
<CODE> 3 (was CODE)
  Relative segment, address: 00016882 - 0001688D (0xc bytes), align: 1
  Segment part 36.            Intra module refs:   ?Subroutine1
                                                   Segment part 35
                                                   sdk_hci_event_indication_callback
           LOCAL                   ADDRESS         
           =====                   =======         
           ?Subroutine10           00016882 
    -------------------------------------------------------------------------
<CODE> 3 (was CODE)
  Relative segment, address: 000161C2 - 000161D5 (0x14 bytes), align: 1
  Segment part 37.            Intra module refs:   sdk_hci_event_indication_callback
           LOCAL                   ADDRESS         
           =====                   =======         
           ?Subroutine2            000161C2 
    -------------------------------------------------------------------------
<CODE> 3 (was CODE)
  Relative segment, address: 00015DE8 - 00015E03 (0x1c bytes), align: 1
  Segment part 38.            Intra module refs:   sdk_hci_event_indication_callback
           LOCAL                   ADDRESS         
           =====                   =======         
           ?Subroutine1            00015DE8 
    -------------------------------------------------------------------------
<CODE> 3 (was CODE)
  Relative segment, address: 000131D8 - 00013251 (0x7a bytes), align: 1
  Segment part 26.            Intra module refs:   ?Subroutine7
                                                   sdk_hci_event_indication_callback
           ENTRY                   ADDRESS         REF BY
           =====                   =======         ======
           appl_dump_bytes         000131D8 
               calls direct
               CSTACK = 00000000 ( 0000005E )
    -------------------------------------------------------------------------
<CODE> 1 (was CODE)
  Relative segment, address: BB96 - BD89 (0x1f4 bytes), align: 1
  Segment part 23.            Intra module refs:   sdk_bluetooth_on_complete
           ENTRY                   ADDRESS         REF BY
           =====                   =======         ======
           sdk_sm_ui_notify_cb     BB96 
               calls direct
               CSTACK = 00000000 ( 00000098 )
    -------------------------------------------------------------------------
<CODE> 3 (was CODE)
  Relative segment, address: 00016B86 - 00016B8B (0x6 bytes), align: 1
  Segment part 24.            Intra module refs:   sdk_sm_ui_notify_cb
           LOCAL                   ADDRESS         
           =====                   =======         
           ?Subroutine3            00016B86 
    -------------------------------------------------------------------------
<CODE> 3 (was CODE)
  Relative segment, address: 0001698E - 00016997 (0xa bytes), align: 1
  Segment part 25.            Intra module refs:   sdk_sm_ui_notify_cb
           LOCAL                   ADDRESS         
           =====                   =======         
           ?Subroutine0            0001698E 
    -------------------------------------------------------------------------
DATA20_C
  Relative segment, address: 00016D78 - 00016D84 (0xd bytes), align: 0
  Segment part 4.             Intra module refs:   ?Subroutine2
    -------------------------------------------------------------------------
DATA20_C
  Relative segment, address: 00016D85 - 00016DD4 (0x50 bytes), align: 0
  Segment part 5.             Intra module refs:   sdk_sm_ui_notify_cb
    -------------------------------------------------------------------------
DATA20_C
  Relative segment, address: 00016DD5 - 00016E22 (0x4e bytes), align: 0
  Segment part 6.             Intra module refs:   sdk_sm_ui_notify_cb
    -------------------------------------------------------------------------
DATA20_C
  Relative segment, address: 00016E23 - 00016E27 (0x5 bytes), align: 0
  Segment part 7.             Intra module refs:   sdk_sm_ui_notify_cb
    -------------------------------------------------------------------------
DATA20_C
  Relative segment, address: 00016E28 - 00016E41 (0x1a bytes), align: 0
  Segment part 8.             Intra module refs:   sdk_sm_ui_notify_cb
    -------------------------------------------------------------------------
DATA20_C
  Relative segment, address: 00016E42 - 00016E8F (0x4e bytes), align: 0
  Segment part 9.             Intra module refs:   sdk_sm_ui_notify_cb
    -------------------------------------------------------------------------
DATA20_C
  Relative segment, address: 00016E90 - 00016EB9 (0x2a bytes), align: 0
  Segment part 10.            Intra module refs:   sdk_sm_ui_notify_cb
    -------------------------------------------------------------------------
DATA20_C
  Relative segment, address: 00016EBA - 00016EBD (0x4 bytes), align: 0
  Segment part 11.            Intra module refs:   sdk_sm_ui_notify_cb
    -------------------------------------------------------------------------
DATA20_C
  Relative segment, address: 00016EBE - 00016EC1 (0x4 bytes), align: 0
  Segment part 12.            Intra module refs:   sdk_sm_ui_notify_cb
    -------------------------------------------------------------------------
DATA20_C
  Relative segment, address: 00016EC2 - 00016F10 (0x4f bytes), align: 0
  Segment part 13.            Intra module refs:   sdk_sm_ui_notify_cb
    -------------------------------------------------------------------------
DATA20_C
  Relative segment, address: 00016F11 - 00016F62 (0x52 bytes), align: 0
  Segment part 14.            Intra module refs:   sdk_sm_ui_notify_cb
    -------------------------------------------------------------------------
DATA20_C
  Relative segment, address: 00016F63 - 00016FB9 (0x57 bytes), align: 0
  Segment part 15.            Intra module refs:   sdk_sm_ui_notify_cb
    -------------------------------------------------------------------------
DATA20_C
  Relative segment, address: 00016FBA - 00016FD6 (0x1d bytes), align: 0
  Segment part 16.            Intra module refs:   sdk_sm_ui_notify_cb
    -------------------------------------------------------------------------
DATA20_C
  Relative segment, address: 00016FD7 - 00016FFF (0x29 bytes), align: 0
  Segment part 17.            Intra module refs:   sdk_sm_ui_notify_cb
    -------------------------------------------------------------------------
DATA16_C
  Relative segment, address: 5FE6 - 5FED (0x8 bytes), align: 1
  Segment part 3.             Intra module refs:   sdk_hci_event_indication_callback

    *************************************************************************

  FILE NAME : C:\Texas Instruments\EZ430-RF2560 SDK\Beta_1_0\EZ430-RF2560_Applications\Source\bluetooth\build\msp430\spp\accl\iar\release\Debug\Obj\appl_menu_pl.r43
  PROGRAM MODULE, NAME : appl_menu_pl

  SEGMENTS IN THE MODULE
  ======================
DATA16_AN
  Relative segment, address: 0204 - 0205 (0x2 bytes), align: 0
  Segment part 2. ROOT.       Intra module refs:   TIMER1_A0_ISR (user_task)
                                                   halAccStart (hal_i2c)
                                                   halBoardInit (hal_board)
                                                   halTempStart (hal_i2c)
                                                   init_buttons
                                                   sdk_bt_rf_port_config (sdk_pl)
                                                   sdk_configure_bt_uart (sdk_pl)
           ENTRY                   ADDRESS         REF BY
           =====                   =======         ======
           _A_PADIR_L              0204 
           LOCAL                   ADDRESS         
           =====                   =======         
           PADIR                   0204 
           PADIR_H                 0205 
           PADIR_L                 0204 
    -------------------------------------------------------------------------
DATA16_AN
  Relative segment, address: 0206 - 0207 (0x2 bytes), align: 0
  Segment part 3. ROOT.       Intra module refs:   init_buttons
                                                   sdk_configure_bt_uart (sdk_pl)
           ENTRY                   ADDRESS         REF BY
           =====                   =======         ======
           _A_PAREN_L              0206 
           LOCAL                   ADDRESS         
           =====                   =======         
           PAREN                   0206 
           PAREN_H                 0207 
           PAREN_L                 0206 
    -------------------------------------------------------------------------
DATA16_AN
  Relative segment, address: 020A - 020B (0x2 bytes), align: 0
  Segment part 4. ROOT.       Intra module refs:   halAccStart (hal_i2c)
                                                   halBoardInit (hal_board)
                                                   halTempStart (hal_i2c)
                                                   init_buttons
                                                   sdk_bt_rf_port_config (sdk_pl)
                                                   sdk_configure_bt_uart (sdk_pl)
           ENTRY                   ADDRESS         REF BY
           =====                   =======         ======
           _A_PASEL_L              020A 
           LOCAL                   ADDRESS         
           =====                   =======         
           PASEL                   020A 
           PASEL_H                 020B 
           PASEL_L                 020A 
    -------------------------------------------------------------------------
DATA16_AN
  Relative segment, address: 0218 - 0219 (0x2 bytes), align: 0
  Segment part 5. ROOT.       Intra module refs:   init_buttons
                                                   sdk_configure_bt_uart (sdk_pl)
           ENTRY                   ADDRESS         REF BY
           =====                   =======         ======
           _A_PAIES_L              0218 
           LOCAL                   ADDRESS         
           =====                   =======         
           PAIES                   0218 
           PAIES_H                 0219 
           PAIES_L                 0218 
    -------------------------------------------------------------------------
DATA16_AN
  Relative segment, address: 021A - 021B (0x2 bytes), align: 0
  Segment part 6. ROOT.       Intra module refs:   init_buttons
                                                   sdk_configure_bt_uart (sdk_pl)
           ENTRY                   ADDRESS         REF BY
           =====                   =======         ======
           _A_PAIE_L               021A 
           LOCAL                   ADDRESS         
           =====                   =======         
           PAIE                    021A 
           PAIE_H                  021B 
           PAIE_L                  021A 
    -------------------------------------------------------------------------
DATA16_AN
  Relative segment, address: 021C - 021D (0x2 bytes), align: 0
  Segment part 7. ROOT.       Intra module refs:   init_buttons
                                                   sdk_configure_bt_uart (sdk_pl)
           ENTRY                   ADDRESS         REF BY
           =====                   =======         ======
           _A_PAIFG_L              021C 
           LOCAL                   ADDRESS         
           =====                   =======         
           PAIFG                   021C 
           PAIFG_H                 021D 
           PAIFG_L                 021C 
    -------------------------------------------------------------------------
DATA16_AN
  Relative segment, address: 021E - 021F (0x2 bytes), align: 0
  Segment part 8. ROOT.       Intra module refs:   PORT2_VECTOR_ISR
           ENTRY                   ADDRESS         REF BY
           =====                   =======         ======
           P2IV                    021E 
    -------------------------------------------------------------------------
DATA20_Z
  Relative segment, address: 37EE - 37EE (0x1 bytes), align: 0
  Segment part 11.            Intra module refs:   PORT2_VECTOR_ISR
                                                   init_buttons
           ENTRY                   ADDRESS         REF BY
           =====                   =======         ======
           debounce                37EE            TIMER1_A0_ISR (user_task)
    -------------------------------------------------------------------------
DATA20_I
  Relative segment, address: 1C3E - 1C4E (0x11 bytes), align: 0
  Segment part 12.
           ENTRY                   ADDRESS         REF BY
           =====                   =======         ======
           sdk_local_name          1C3E            hci_handle_init_sequence (hci_init)
    -------------------------------------------------------------------------
DATA20_Z
  Relative segment, address: 37EF - 37EF (0x1 bytes), align: 0
  Segment part 16.            Intra module refs:   PORT2_VECTOR_ISR
           ENTRY                   ADDRESS         REF BY
           =====                   =======         ======
           switch_pos              37EF 
    -------------------------------------------------------------------------
DATA20_Z
  Relative segment, address: 37F0 - 37F0 (0x1 bytes), align: 0
  Segment part 17.            Intra module refs:   PORT2_VECTOR_ISR
           ENTRY                   ADDRESS         REF BY
           =====                   =======         ======
           lpm_mode                37F0            BT_UART_ISR (msp430_uart)
                                                   TIMER1_A0_ISR (user_task)
    -------------------------------------------------------------------------
<CODE> 3 (was CODE)
  Relative segment, address: 00015744 - 00015771 (0x2e bytes), align: 1
  Segment part 19.
           ENTRY                   ADDRESS         REF BY
           =====                   =======         ======
           init_buttons            00015744        sdk_init_ui (sdk_pl)
               CSTACK = 00000000 ( 00000004 )
    -------------------------------------------------------------------------
ISR_CODE
  Relative segment, address: 5C64 - 5D39 (0xd6 bytes), align: 1
  Segment part 18.            Intra module refs:   PORT2_VECTOR_ISR::??INTVEC 84
           ENTRY                   ADDRESS         REF BY
           =====                   =======         ======
           PORT2_VECTOR_ISR        5C64 
               interrupt function
               calls direct
               CSTACK = 00000000 ( 00000020 )
    -------------------------------------------------------------------------
INTVEC
  Common segment, address: FF80 - FFD5 (0x56 bytes), align: 1
  Segment part 9. ROOT.
           ENTRY                   ADDRESS         REF BY
           =====                   =======         ======
           PORT2_VECTOR_ISR::??INTVEC 84
                                   FFD4 
    -------------------------------------------------------------------------
DATA20_ID
  Relative segment, address: 00020570 - 00020580 (0x11 bytes), align: 0
  Segment part 13.            Intra module refs:   sdk_local_name

    *************************************************************************

  FILE NAME : C:\Texas Instruments\EZ430-RF2560 SDK\Beta_1_0\EZ430-RF2560_Applications\Source\bluetooth\build\msp430\spp\accl\iar\release\Debug\Obj\appl_sdk.r43
  PROGRAM MODULE, NAME : appl_sdk

  SEGMENTS IN THE MODULE
  ======================
DATA20_Z
  Relative segment, address: 1CBE - 1CD9 (0x1c bytes), align: 1
  Segment part 6.             Intra module refs:   appl_acl_connection_complete_event
                                                   appl_get_free_status_instance
                                                   appl_get_status_instance_acl
                                                   appl_get_status_instance_bd_addr
                                                   appl_get_status_instance_spp
                                                   sdk_appl_init
                                                   sdk_bluetooth_menu_handler
           ENTRY                   ADDRESS         REF BY
           =====                   =======         ======
           sdk_status              1CBE            ?Subroutine0 (appl_spp)
                                                   ?Subroutine1 (appl_spp)
                                                   ?Subroutine3 (appl_spp)
                                                   appl_spp_connect (appl_spp)
                                                   appl_spp_disconnect (appl_spp)
                                                   appl_spp_l2cap_tx_queue_flow_cb (appl_spp)
                                                   appl_spp_notify_cb (appl_spp)
                                                   appl_spp_sdp_query (appl_spp)
                                                   appl_spp_write (appl_spp)
                                                   sdk_hci_event_indication_callback (appl_cb)
    -------------------------------------------------------------------------
DATA20_Z
  Relative segment, address: 37F1 - 37F1 (0x1 bytes), align: 0
  Segment part 7.             Intra module refs:   sdk_bluetooth_menu_handler
           ENTRY                   ADDRESS         REF BY
           =====                   =======         ======
           sdk_initiator           37F1            appl_spp_notify_cb (appl_spp)
                                                   sdk_hci_event_indication_callback (appl_cb)
    -------------------------------------------------------------------------
DATA20_I
  Relative segment, address: 1C4F - 1C4F (0x1 bytes), align: 0
  Segment part 8.             Intra module refs:   sdk_appl_init
                                                   sdk_bluetooth_menu_handler
           ENTRY                   ADDRESS         REF BY
           =====                   =======         ======
           sdk_bt_power            1C4F            MSP430_uart_init (msp430_uart)
                                                   sdk_bluetooth_on_complete (appl_cb)
    -------------------------------------------------------------------------
DATA20_I
  Relative segment, address: 1C50 - 1C50 (0x1 bytes), align: 0
  Segment part 10.            Intra module refs:   sdk_appl_init
           ENTRY                   ADDRESS         REF BY
           =====                   =======         ======
           sdk_bt_visible          1C50            TIMER1_A0_ISR (user_task)
                                                   sdk_hci_event_indication_callback (appl_cb)
    -------------------------------------------------------------------------
DATA20_Z
  Relative segment, address: 37F2 - 37F2 (0x1 bytes), align: 0
  Segment part 12.            Intra module refs:   appl_acl_connection_complete_event
           ENTRY                   ADDRESS         REF BY
           =====                   =======         ======
           peer_initiated_acl_connection
                                   37F2            sdk_hci_event_indication_callback (appl_cb)
    -------------------------------------------------------------------------
DATA20_Z
  Relative segment, address: 37F3 - 37F3 (0x1 bytes), align: 0
  Segment part 13.            Intra module refs:   sdk_bluetooth_menu_handler
           ENTRY                   ADDRESS         REF BY
           =====                   =======         ======
           sdk_connect_in_progress
                                   37F3            TIMER1_A0_ISR (user_task)
                                                   appl_spp_notify_cb (appl_spp)
    -------------------------------------------------------------------------
<CODE> 3 (was CODE)
  Relative segment, address: 00015056 - 0001508F (0x3a bytes), align: 1
  Segment part 35.
           ENTRY                   ADDRESS         REF BY
           =====                   =======         ======
           sdk_appl_init           00015056        main (main)
                                                   uart_error_handler (sdk_pl)
               CSTACK = 00000000 ( 00000004 )
    -------------------------------------------------------------------------
<CODE> 3 (was CODE)
  Relative segment, address: 00011C9A - 00011D3F (0xa6 bytes), align: 1
  Segment part 34.
           ENTRY                   ADDRESS         REF BY
           =====                   =======         ======
           sdk_bluetooth_menu_handler
                                   00011C9A        sdk_hci_event_indication_callback (appl_cb)
                                                   user_task_routine (user_task)
               calls direct
               CSTACK = 00000000 ( 00000008 )
    -------------------------------------------------------------------------
<CODE> 3 (was CODE)
  Relative segment, address: 000167CC - 000167D9 (0xe bytes), align: 1
  Segment part 33.
           ENTRY                   ADDRESS         REF BY
           =====                   =======         ======
           appl_bluetooth_on_complete_event_handler
                                   000167CC        ?Subroutine9 (appl_cb)
               calls direct
               CSTACK = 00000000 ( 00000004 )
    -------------------------------------------------------------------------
<CODE> 3 (was CODE)
  Relative segment, address: 00011740 - 000117ED (0xae bytes), align: 1
  Segment part 31.
           ENTRY                   ADDRESS         REF BY
           =====                   =======         ======
           appl_acl_connection_complete_event
                                   00011740        sdk_hci_event_indication_callback (appl_cb)
               calls direct
               CSTACK = 00000000 ( 00000016 )
    -------------------------------------------------------------------------
<CODE> 3 (was CODE)
  Relative segment, address: 0001637E - 0001638F (0x12 bytes), align: 1
  Segment part 32.            Intra module refs:   appl_acl_connection_complete_event
           LOCAL                   ADDRESS         
           =====                   =======         
           ?Subroutine1            0001637E 
    -------------------------------------------------------------------------
DATA20_Z
  Relative segment, address: 1CDA - 1CDB (0x2 bytes), align: 1
  Segment part 15.            Intra module refs:   appl_acceleromenter_read_spp_send
           ENTRY                   ADDRESS         REF BY
           =====                   =======         ======
           pos_x_tmp               1CDA 
    -------------------------------------------------------------------------
DATA20_Z
  Relative segment, address: 1CDC - 1CDD (0x2 bytes), align: 1
  Segment part 16.            Intra module refs:   appl_acceleromenter_read_spp_send
           ENTRY                   ADDRESS         REF BY
           =====                   =======         ======
           pos_y_tmp               1CDC 
    -------------------------------------------------------------------------
DATA20_Z
  Relative segment, address: 1CDE - 1CDF (0x2 bytes), align: 1
  Segment part 17.            Intra module refs:   appl_acceleromenter_read_spp_send
           ENTRY                   ADDRESS         REF BY
           =====                   =======         ======
           pos_z_tmp               1CDE 
    -------------------------------------------------------------------------
DATA20_Z
  Relative segment, address: 1CE0 - 1CE1 (0x2 bytes), align: 1
  Segment part 18.            Intra module refs:   appl_acceleromenter_read_spp_send
           ENTRY                   ADDRESS         REF BY
           =====                   =======         ======
           pos_x                   1CE0 
    -------------------------------------------------------------------------
DATA20_Z
  Relative segment, address: 1CE2 - 1CE3 (0x2 bytes), align: 1
  Segment part 19.            Intra module refs:   appl_acceleromenter_read_spp_send
           ENTRY                   ADDRESS         REF BY
           =====                   =======         ======
           pos_y                   1CE2 
    -------------------------------------------------------------------------
DATA20_Z
  Relative segment, address: 1CE4 - 1CE5 (0x2 bytes), align: 1
  Segment part 20.            Intra module refs:   appl_acceleromenter_read_spp_send
           ENTRY                   ADDRESS         REF BY
           =====                   =======         ======
           pos_z                   1CE4 
    -------------------------------------------------------------------------
DATA20_I
  Relative segment, address: 1C00 - 1C01 (0x2 bytes), align: 1
  Segment part 21.            Intra module refs:   appl_acceleromenter_read_spp_send
           ENTRY                   ADDRESS         REF BY
           =====                   =======         ======
           max                     1C00 
    -------------------------------------------------------------------------
<CODE> 3 (was CODE)
  Relative segment, address: 0001243C - 000124D5 (0x9a bytes), align: 1
  Segment part 29.            Intra module refs:   sdk_bluetooth_menu_handler
           ENTRY                   ADDRESS         REF BY
           =====                   =======         ======
           appl_acceleromenter_read_spp_send
                                   0001243C        appl_spp_l2cap_tx_queue_flow_cb (appl_spp)
                                                   appl_spp_notify_cb (appl_spp)
                                                   sdk_hci_event_indication_callback (appl_cb)
               calls direct
               CSTACK = 00000000 ( 00000014 )
    -------------------------------------------------------------------------
<CODE> 3 (was CODE)
  Relative segment, address: 00016BAA - 00016BAF (0x6 bytes), align: 1
  Segment part 30.            Intra module refs:   appl_acceleromenter_read_spp_send
           LOCAL                   ADDRESS         
           =====                   =======         
           ?Subroutine3            00016BAA 
    -------------------------------------------------------------------------
<CODE> 3 (was CODE)
  Relative segment, address: 00013A4C - 00013A69 (0x1e bytes), align: 1
  Segment part 24.
           ENTRY                   ADDRESS         REF BY
           =====                   =======         ======
           appl_get_status_instance_spp
                                   00013A4C        appl_spp_notify_cb (appl_spp)
               CSTACK = 00000000 ( 00000004 )
    -------------------------------------------------------------------------
<CODE> 3 (was CODE)
  Relative segment, address: 00013A6A - 00013A71 (0x8 bytes), align: 1
  Segment part 25.            Intra module refs:   appl_get_free_status_instance
                                                   appl_get_status_instance_acl
                                                   appl_get_status_instance_spp
           LOCAL                   ADDRESS         
           =====                   =======         
           ?Subroutine0            00013A6A 
    -------------------------------------------------------------------------
<CODE> 3 (was CODE)
  Relative segment, address: 00013A72 - 00013A8F (0x1e bytes), align: 1
  Segment part 26.
           ENTRY                   ADDRESS         REF BY
           =====                   =======         ======
           appl_get_status_instance_acl
                                   00013A72        sdk_hci_event_indication_callback (appl_cb)
               CSTACK = 00000000 ( 00000004 )
    -------------------------------------------------------------------------
<CODE> 3 (was CODE)
  Relative segment, address: 00013A90 - 00013A99 (0xa bytes), align: 1
  Segment part 27.            Intra module refs:   appl_get_free_status_instance
                                                   appl_get_status_instance_acl
                                                   appl_get_status_instance_spp
           LOCAL                   ADDRESS         
           =====                   =======         
           ?Subroutine2            00013A90 
    -------------------------------------------------------------------------
<CODE> 3 (was CODE)
  Relative segment, address: 00013A9A - 00013AB3 (0x1a bytes), align: 1
  Segment part 28.            Intra module refs:   appl_acl_connection_complete_event
           ENTRY                   ADDRESS         REF BY
           =====                   =======         ======
           appl_get_free_status_instance
                                   00013A9A        sdk_hci_event_indication_callback (appl_cb)
               CSTACK = 00000000 ( 00000004 )
    -------------------------------------------------------------------------
<CODE> 3 (was CODE)
  Relative segment, address: 00014EEA - 00014F27 (0x3e bytes), align: 1
  Segment part 23.            Intra module refs:   appl_acl_connection_complete_event
           ENTRY                   ADDRESS         REF BY
           =====                   =======         ======
           appl_get_status_instance_bd_addr
                                   00014EEA        appl_spp_connect (appl_spp)
                                                   appl_spp_notify_cb (appl_spp)
                                                   sdk_hci_event_indication_callback (appl_cb)
               calls direct
               CSTACK = 00000000 ( 00000014 )
    -------------------------------------------------------------------------
DATA20_ID
  Relative segment, address: 00020581 - 00020581 (0x1 bytes), align: 0
  Segment part 9.             Intra module refs:   sdk_bt_power
    -------------------------------------------------------------------------
DATA20_ID
  Relative segment, address: 00020582 - 00020582 (0x1 bytes), align: 0
  Segment part 11.            Intra module refs:   sdk_bt_visible
    -------------------------------------------------------------------------
DATA20_ID
  Relative segment, address: 00020532 - 00020533 (0x2 bytes), align: 1
  Segment part 22.            Intra module refs:   max
    -------------------------------------------------------------------------
DATA20_C
  Relative segment, address: 00017000 - 00017001 (0x2 bytes), align: 0
  Segment part 2.             Intra module refs:   appl_acceleromenter_read_spp_send
    -------------------------------------------------------------------------
DATA20_C
  Relative segment, address: 00017002 - 00017003 (0x2 bytes), align: 0
  Segment part 3.             Intra module refs:   appl_acceleromenter_read_spp_send
    -------------------------------------------------------------------------
DATA20_C
  Relative segment, address: 00017004 - 00017005 (0x2 bytes), align: 0
  Segment part 4.             Intra module refs:   appl_acceleromenter_read_spp_send
    -------------------------------------------------------------------------
DATA20_C
  Relative segment, address: 00017006 - 00017007 (0x2 bytes), align: 0
  Segment part 5.             Intra module refs:   appl_acceleromenter_read_spp_send

    *************************************************************************

  FILE NAME : C:\Texas Instruments\EZ430-RF2560 SDK\Beta_1_0\EZ430-RF2560_Applications\Source\bluetooth\build\msp430\spp\accl\iar\release\Debug\Obj\appl_spp.r43
  PROGRAM MODULE, NAME : appl_spp

  SEGMENTS IN THE MODULE
  ======================
DATA20_Z
  Relative segment, address: 1CE6 - 1CF1 (0xc bytes), align: 1
  Segment part 5.             Intra module refs:   appl_spp_sdp_callback
                                                   appl_spp_sdp_query
           LOCAL                   ADDRESS         
           =====                   =======         
           appl_spp_sdp_handle     1CE6 
    -------------------------------------------------------------------------
DATA20_Z
  Relative segment, address: 37F4 - 37F4 (0x1 bytes), align: 0
  Segment part 6.             Intra module refs:   appl_spp_sdp_callback
                                                   appl_spp_sdp_query
           LOCAL                   ADDRESS         
           =====                   =======         
           appl_spp_remote_server_ch
                                   37F4 
    -------------------------------------------------------------------------
DATA20_Z
  Relative segment, address: 37F5 - 37F5 (0x1 bytes), align: 0
  Segment part 7.             Intra module refs:   appl_spp_start
           LOCAL                   ADDRESS         
           =====                   =======         
           appl_spp_local_server_ch
                                   37F5 
    -------------------------------------------------------------------------
DATA20_Z
  Relative segment, address: 37F6 - 37F6 (0x1 bytes), align: 0
  Segment part 8.             Intra module refs:   appl_spp_l2cap_tx_queue_flow_cb
                                                   appl_spp_notify_cb
           LOCAL                   ADDRESS         
           =====                   =======         
           appl_l2cap_tx_buf_state
                                   37F6 
    -------------------------------------------------------------------------
<CODE> 3 (was CODE)
  Relative segment, address: 00013FBA - 00014017 (0x5e bytes), align: 1
  Segment part 15.            Intra module refs:   appl_spp_notify_cb
           ENTRY                   ADDRESS         REF BY
           =====                   =======         ======
           appl_spp_sdp_query      00013FBA        appl_acl_connection_complete_event (appl_sdk)
                                                   sdk_hci_event_indication_callback (appl_cb)
               calls direct
               CSTACK = 00000000 ( 00000008 )
    -------------------------------------------------------------------------
<CODE> 3 (was CODE)
  Relative segment, address: 0001666E - 0001667B (0xe bytes), align: 1
  Segment part 22.            Intra module refs:   appl_spp_disconnect
                                                   appl_spp_sdp_query
           LOCAL                   ADDRESS         
           =====                   =======         
           ?Subroutine3            0001666E 
    -------------------------------------------------------------------------
<CODE> 3 (was CODE)
  Relative segment, address: 0001625E - 0001626F (0x12 bytes), align: 1
  Segment part 23.            Intra module refs:   appl_spp_disconnect
                                                   appl_spp_sdp_query
           LOCAL                   ADDRESS         
           =====                   =======         
           ?Subroutine2            0001625E 
    -------------------------------------------------------------------------
<CODE> 3 (was CODE)
  Relative segment, address: 000113BC - 00011473 (0xb8 bytes), align: 1
  Segment part 26.            Intra module refs:   appl_spp_sdp_query
           ENTRY                   ADDRESS         REF BY
           =====                   =======         ======
           appl_spp_sdp_callback   000113BC 
               calls direct
               CSTACK = 00000000 ( 0000002E )
    -------------------------------------------------------------------------
<CODE> 3 (was CODE)
  Relative segment, address: 00014C58 - 00014C9B (0x44 bytes), align: 1
  Segment part 24.            Intra module refs:   appl_spp_sdp_callback
           ENTRY                   ADDRESS         REF BY
           =====                   =======         ======
           appl_spp_connect        00014C58 
               calls direct
               CSTACK = 00000000 ( 0000000E )
    -------------------------------------------------------------------------
<CODE> 3 (was CODE)
  Relative segment, address: 00016312 - 00016323 (0x12 bytes), align: 1
  Segment part 25.            Intra module refs:   appl_spp_connect
           LOCAL                   ADDRESS         
           =====                   =======         
           ?Subroutine4            00016312 
    -------------------------------------------------------------------------
<CODE> 3 (was CODE)
  Relative segment, address: 00015916 - 0001593D (0x28 bytes), align: 1
  Segment part 21.
           ENTRY                   ADDRESS         REF BY
           =====                   =======         ======
           appl_spp_disconnect     00015916        sdk_bluetooth_menu_handler (appl_sdk)
                                                   sdk_hci_event_indication_callback (appl_cb)
               calls direct
               CSTACK = 00000000 ( 00000008 )
    -------------------------------------------------------------------------
<CODE> 1 (was CODE)
  Relative segment, address: E7EA - E905 (0x11c bytes), align: 1
  Segment part 16.
           ENTRY                   ADDRESS         REF BY
           =====                   =======         ======
           appl_spp_notify_cb      E7EA            main (main)
               calls direct
               CSTACK = 00000000 ( 00000024 )
    -------------------------------------------------------------------------
<CODE> 3 (was CODE)
  Relative segment, address: 00015FC4 - 00015FDB (0x18 bytes), align: 1
  Segment part 17.            Intra module refs:   appl_spp_notify_cb
           LOCAL                   ADDRESS         
           =====                   =======         
           ?Subroutine1            00015FC4 
    -------------------------------------------------------------------------
<CODE> 3 (was CODE)
  Relative segment, address: 000162A6 - 000162A9 (0x4 bytes), align: 1
  Segment part 18.            Intra module refs:   ?Subroutine0
                                                   ?Subroutine1
           LOCAL                   ADDRESS         
           =====                   =======         
           ?Subroutine5            000162A6 
    -------------------------------------------------------------------------
<CODE> 3 (was CODE)
  Relative segment, address: 000162AA - 000162B7 (0xe bytes), align: 1
  Segment part 19.            Intra module refs:   ?Subroutine5
                                                   appl_spp_notify_cb
    -------------------------------------------------------------------------
<CODE> 3 (was CODE)
  Relative segment, address: 00015EA0 - 00015EB9 (0x1a bytes), align: 1
  Segment part 20.            Intra module refs:   appl_spp_notify_cb
           LOCAL                   ADDRESS         
           =====                   =======         
           ?Subroutine0            00015EA0 
    -------------------------------------------------------------------------
<CODE> 3 (was CODE)
  Relative segment, address: 00015C86 - 00015CA3 (0x1e bytes), align: 1
  Segment part 14.
           ENTRY                   ADDRESS         REF BY
           =====                   =======         ======
           appl_spp_write          00015C86        ?Subroutine3 (appl_sdk)
               calls direct
               CSTACK = 00000000 ( 00000004 )
    -------------------------------------------------------------------------
<CODE> 3 (was CODE)
  Relative segment, address: 00012AE4 - 00012B67 (0x84 bytes), align: 1
  Segment part 13.
           ENTRY                   ADDRESS         REF BY
           =====                   =======         ======
           appl_spp_start          00012AE4        appl_bluetooth_on_complete_event_handler (appl_sdk)
               calls direct
               CSTACK = 00000000 ( 0000001A )
    -------------------------------------------------------------------------
<CODE> 3 (was CODE)
  Relative segment, address: 00014E6C - 00014EAB (0x40 bytes), align: 1
  Segment part 11.            Intra module refs:   appl_spp_start
           ENTRY                   ADDRESS         REF BY
           =====                   =======         ======
           appl_spp_l2cap_tx_queue_flow_cb
                                   00014E6C 
               calls direct
               CSTACK = 00000000 ( 0000000C )
    -------------------------------------------------------------------------
<CODE> 3 (was CODE)
  Relative segment, address: 00015CFE - 00015D1B (0x1e bytes), align: 1
[...]
  Segment part 0.
           ENTRY                   ADDRESS         REF BY
           =====                   =======         ======
           ?CopyMemoryBytes20      00015FAC        rfcomm_handle_msc (rfcomm_incoming)
                                                   sm_get_remote_oob_data_pl (sm_ssp_pl)

    -------------------------------------------------------------------------
  LIBRARY MODULE, NAME : ?CopyMemoryWords20

  SEGMENTS IN THE MODULE
  ======================
<CODE> 3 (was CODE)
  Relative segment, address: 00016078 - 0001608D (0x16 bytes), align: 1
  Segment part 0.
           ENTRY                   ADDRESS         REF BY
           =====                   =======         ======
           ?CopyMemoryWords20      00016078        Segment part 29 (l2cap_config)
                                                   Segment part 41 (rfcomm_api)
                                                   l2cap_register_psm (l2cap_init)
                                                   rfcomm_context_signal (rfcomm_utils)
                                                   sdp_api_req_handler (sdp_api)

    -------------------------------------------------------------------------
  LIBRARY MODULE, NAME : ?memset

  SEGMENTS IN THE MODULE
  ======================
<CODE> 3 (was CODE)
  Relative segment, address: 00015C4A - 00015C67 (0x1e bytes), align: 1
  Segment part 2.
           ENTRY                   ADDRESS         REF BY
           =====                   =======         ======
           memset                  00015C4A        OS_deallocate_buffer (heap_bt)
                                                   Segment part 24 (write_task)
                                                   appl_dump_bytes (appl_cb)
                                                   hci_bt_init (hci_init)
                                                   hci_common_api_handler (hci_commands)
                                                   hci_free_remote_device (hci_utils)
                                                   prvAllocateTCBAndStack (tasks)
                                                   rfcomm_bt_init (rfcomm_init)
                                                   rfcomm_del_session (rfcomm_utils)
                                                   rfcomm_free_context (rfcomm_utils)
                                                   sdp_server_get_attr_values (sdp_server)
                                                   sdp_server_request_handler (sdp_server)
                                                   sdp_server_response_handler (sdp_server)
                                                   sdp_util_ce_reset (sdp_util)
                                                   sm_create_device_entity (sm_core)
                                                   sm_storage_read (sm_storage)
                                                   spp_accept (spp)
                                                   spp_disconnect_handler (spp)
                                                   spp_init_entity_list (spp)
                                                   uart_setup (msp430_uart)
                                                   write_task_init (write_task)
               CSTACK = 00000000 ( 0000000C )

    -------------------------------------------------------------------------
  LIBRARY MODULE, NAME : ?memzero

  SEGMENTS IN THE MODULE
  ======================
<CODE> 3 (was CODE)
  Relative segment, address: 00015F34 - 00015F4B (0x18 bytes), align: 1
  Segment part 4.
           ENTRY                   ADDRESS         REF BY
           =====                   =======         ======
           __data20_memzero        00015F34        ?cstart_init_zero20 (?cstart)
               CSTACK = 00000000 ( 00000004 )
    -------------------------------------------------------------------------
<CODE> 3 (was CODE)
  Relative segment, address: 00016BEC - 00016BEF (0x4 bytes), align: 1
  Segment part 3.
           ENTRY                   ADDRESS         REF BY
           =====                   =======         ======
           __data20_memcpy         00016BEC        ?cstart_init_copy20 (?cstart)
               calls direct
               CSTACK = 00000000 ( 00000004 )

    -------------------------------------------------------------------------
  LIBRARY MODULE, NAME : ?sprintf

  SEGMENTS IN THE MODULE
  ======================
<CODE> 3 (was CODE)
  Relative segment, address: 00014D64 - 00014DA5 (0x42 bytes), align: 1
  Segment part 2.
           ENTRY                   ADDRESS         REF BY
           =====                   =======         ======
           sprintf                 00014D64        ?Subroutine0 (appl_cb)
                                                   ?Subroutine3 (appl_cb)
                                                   sdk_sm_ui_notify_cb (appl_cb)
               calls direct
               CSTACK = 00000000 ( 00000012 )

    -------------------------------------------------------------------------
  LIBRARY MODULE, NAME : ?strcpy

  SEGMENTS IN THE MODULE
  ======================
<CODE> 3 (was CODE)
  Relative segment, address: 000162CA - 000162DB (0x12 bytes), align: 1
  Segment part 2.
           ENTRY                   ADDRESS         REF BY
           =====                   =======         ======
           strcpy                  000162CA        hci_handle_init_sequence (hci_init)
                                                   hci_set_local_name (hci_init)
                                                   update_bt_version (bt_id_check)
               CSTACK = 00000000 ( 00000004 )

    -------------------------------------------------------------------------
  LIBRARY MODULE, NAME : ?strlen

  SEGMENTS IN THE MODULE
  ======================
<CODE> 3 (was CODE)
  Relative segment, address: 00015C0C - 00015C2B (0x20 bytes), align: 1
  Segment part 2.
           ENTRY                   ADDRESS         REF BY
           =====                   =======         ======
           strlen                  00015C0C        _PrintfTiny (?xprintftiny)
                                                   hci_handle_init_sequence (hci_init)
                                                   hci_set_local_name (hci_init)
               CSTACK = 00000000 ( 00000004 )

    -------------------------------------------------------------------------
  LIBRARY MODULE, NAME : ?strncmp

  SEGMENTS IN THE MODULE
  ======================
<CODE> 3 (was CODE)
  Relative segment, address: 000155D2 - 00015601 (0x30 bytes), align: 1
  Segment part 2.
           ENTRY                   ADDRESS         REF BY
           =====                   =======         ======
           strncmp                 000155D2        ?Subroutine2 (appl_cb)
               CSTACK = 00000000 ( 00000008 )

    -------------------------------------------------------------------------
  LIBRARY MODULE, NAME : ?strncpy

  SEGMENTS IN THE MODULE
  ======================
<CODE> 3 (was CODE)
  Relative segment, address: 00015222 - 00015259 (0x38 bytes), align: 1
  Segment part 2.
           ENTRY                   ADDRESS         REF BY
           =====                   =======         ======
           strncpy                 00015222        prvInitialiseTCBVariables (tasks)
               CSTACK = 00000000 ( 0000000C )

    -------------------------------------------------------------------------
  LIBRARY MODULE, NAME : ?xprintftiny

  SEGMENTS IN THE MODULE
  ======================
<CODE> 1 (was CODE)
  Relative segment, address: C6A0 - C84F (0x1b0 bytes), align: 1
  Segment part 2.
           ENTRY                   ADDRESS         REF BY
           =====                   =======         ======
           _PrintfTiny             C6A0            sprintf (?sprintf)
               calls direct and indirect
               CSTACK = 00000000 ( 00000038 )
    -------------------------------------------------------------------------
<CODE> 3 (was CODE)
  Relative segment, address: 00016B4E - 00016B4F (0x2 bytes), align: 1
  Segment part 3.             Intra module refs:   _PrintfTiny
    -------------------------------------------------------------------------
<CODE> 3 (was CODE)
  Relative segment, address: 00016B50 - 00016B55 (0x6 bytes), align: 1
  Segment part 4.             Intra module refs:   Segment part 3
                                                   _PrintfTiny
    -------------------------------------------------------------------------
<CODE> 3 (was CODE)
  Relative segment, address: 0001654E - 0001655D (0x10 bytes), align: 1
  Segment part 5.             Intra module refs:   _PrintfTiny

    -------------------------------------------------------------------------
  LIBRARY MODULE, NAME : ?xsprout

  SEGMENTS IN THE MODULE
  ======================
<CODE> 3 (was CODE)
  Relative segment, address: 000167A2 - 000167AF (0xe bytes), align: 1
  Segment part 2.
           ENTRY                   ADDRESS         REF BY
           =====                   =======         ======
           _SProut                 000167A2        sprintf (?sprintf)
               CSTACK = 00000000 ( 00000004 )




                ****************************************
                *                                      *
                *            MODULE SUMMARY            *
                *                                      *
                ****************************************

Module                       CODE           DATA        CONST
------                       ----           ----        -----
                          (Rel)  (Abs)   (Rel)  (Abs)   (Rel)
?CopyMemoryBytes             20
?CopyMemoryBytes20           24
?CopyMemoryWords20           22
?DivMod32u                   68
?Mul32Hw32Loc2               34
?ShiftLeft32                 22
?__dbg_break                  2
?__exit                      20
?_exit                        4
?cstart                      56
?exit                         4
?memcmp                      46
?memcpy                      30
?memset                      30
?memzero                     28
?reset_vector                 2
?sprintf                     66
?strcpy                      18
?strlen                      32
?strncmp                     48
?strncpy                     56
?xprintftiny                456
?xsprout                     14
BT_common                   184              5
BT_common_pl                 36
BT_debug                      4
BT_os                       524             25
BT_timer                     12
accelerometer_pl             42              6
appl_bt_rf                  524             29             28
  + shared                   96                     2
  + common
appl_cb                   1 898            103            656
  + shared                                          2
appl_menu_pl                260             20      2      17
  + shared                   86                    12
  + common
appl_sdk                    756             47             12
appl_spp                  1 084             15              4
bt_id_check                 120             11             23
db_gen                      126             28            225
db_sdp_interface          1 094              4
hal_board                   622                    52
  + shared                                          8
hal_i2c                     492                    10
  + shared                                          2
hal_tlv                      40
hal_usb                     254            256      9
  + common                   94
hci_api                     298
hci_command_queue           730
hci_commands              1 912
hci_connect                 966
hci_dev_attr                 76
hci_disconnect              196
hci_events                1 534                           256
hci_host_controller_api     294
hci_init                    620            172              8
hci_link_control_api        430
hci_link_policy_api         136
hci_sm                      616
hci_uart                    274             13
hci_utils                   386
heap_2                      384          3 272
heap_bt                     996          1 290
ht_read_task_pl              16              4
l2cap_command               634
l2cap_config              3 034
l2cap_connect             1 710
l2cap_data_recv           1 234
l2cap_data_send             316
l2cap_disconnect          1 142
l2cap_init                  610          1 245             44
l2cap_lmp                 1 016
l2cap_ping                  258
l2cap_signal                572
l2cap_sm                    424
l2cap_utils               1 576
list                        204
main                         50
  + shared                                          2
msp430_uart               1 138            638             32
  + common                  106
port                        240              2              2
portext                            446
queue                     1 386
read_task                   428            796             42
rfcomm_api                  846
rfcomm_bh                   554
rfcomm_incoming           3 926
rfcomm_init                 442            194            256
rfcomm_l2cap                854
rfcomm_outgoing           1 642
rfcomm_sm                   204
rfcomm_utils              1 966
rfcomm_write                856
sdk_pl                      774              3     12
  + shared                                          6
sdp_api                     896
sdp_bh                      358
sdp_client                1 608
sdp_init                    184            144
sdp_l2cap                 1 536
sdp_pdu_handler           1 610
sdp_server                2 976
sdp_util                    372
sdp_util_api                848
sm_api                      622
sm_core                   1 544
sm_init                     148            173              5
sm_interface              2 230
sm_pl                       542              4
sm_ssp_pl                   336             39              1
sm_storage                  232
sm_ui                       346
spp                       1 914             48
tasks                     1 758            186              5
user_task                   550             51             66
  + common                  100
vendor_specific_init        532             31             93
vendor_specific_script                       4         37 545
write_task                  784          1 173
write_task_pl                48             12
N/A (command line)                         300
N/A (alignment)
----------               ------    ---  ------    ---  ------
Total:                   69 048    446  10 343    119  39 320
  + common                  106


                ****************************************
                *                                      *
                *      SEGMENTS IN ADDRESS ORDER       *
                *                                      *
                ****************************************


SEGMENT              SPACE    START ADDRESS   END ADDRESS     SIZE  TYPE  ALIGN
=======              =====    =============   ===========     ====  ====  =====
DATA16_AN                              0102 - 0103               2   rel    0
                                       0120 - 0127               8 
                                       012C - 012D               2 
                                       015C - 015D               2 
                                       0160 - 0165               6 
                                       0168 - 0169               2 
                                       016C - 016F               4 
                                       0200 - 0207               8 
                                       020A - 020B               2 
                                       0218 - 021F               8 
                                       0222 - 0225               4 
                                       022A - 022B               2 
                                       0242 - 0245               4 
                                       024A - 024B               2 
                                       0262 - 0265               4 
                                       026A - 026B               2 
                                       0282 - 0287               6 
                                       028A - 028B               2 
                                       02A2 - 02A5               4 
                                       02AA - 02AB               2 
                                       0322 - 0325               4 
                                       0380 - 0383               4 
                                       0392 - 0393               2 
                                       060C - 060C               1 
                                       0640 - 0641               2 
                                       0646 - 0648               3 
                                       064A - 064A               1 
                                       064C - 064C               1 
                                       064E - 064E               1 
                                       065C - 065F               4 
                                       0680 - 0681               2 
                                       0686 - 0688               3 
                                       068E - 068E               1 
                                       069C - 069D               2 
                                       06A0 - 06A1               2 
                                       06A6 - 06A7               2 
                                       06AC - 06AC               1 
                                       06AE - 06AE               1 
                                       06B2 - 06B3               2 
                                       06BC - 06BD               2 
                                       070A - 070B               2 
DATA20_I                               1C00 - 1C59              5A   rel    1
DATA20_Z                               1C5A - 433A            26E1   rel    1
CSTACK                                 5AD4 - 5BFF             12C   rel    1
CSTART                                 5C00 - 5C37              38   rel    1
ISR_CODE                               5C38 - 5FE5             3AE   rel    1
DATA16_C                               5FE6 - 5FFD              18   rel    1
<CODE> 1                               5FFE - F4FF            9502   rel    1
<CODE> 2                               F6BE - FF7F             8C2   rel    1
INTVEC                                 FF80 - FFE9              6A   com    1
RESET                                  FFFE - FFFF               2   rel    1
<CODE> 3                           00010000 - 00016C0B        6C0C   rel    1
DATA20_C                           00016C0C - 00020531        9926   rel    1
DATA20_ID                          00020532 - 0002058B          5A   rel    1
                                       F500 - F6BD             1BE  aseg  

                ****************************************
                *                                      *
                *        END OF CROSS REFERENCE        *
                *                                      *
                ****************************************

 69 154 bytes of CODE  memory (+ 446 absolute )
 10 343 bytes of DATA  memory (+ 119 absolute )
 39 320 bytes of CONST memory

Errors: none
Warnings: 1

